// Jest Snapshot v1, https://goo.gl/fbAQLP

exports[`Component ErrorIndicator Component ErrorIndicator rendered correctly 1`] = `
"<div className=\\"popup popup--active\\">
  <div className=\\"popup__container\\">
    <div className=\\"popup__wrapper\\">
      <h2 className=\\"popup__title\\">
        Something goes wrong! reload browser
      </h2>
    </div>
  </div>
</div>"
`;
